[{f : [bool -> bool]+, g : [int -> bool]+, iszero : [int -> bool]-, t : [= bool], u : [= int]}]+
