{Forest : {max : [!0 -> int]+, t : [= !0]}, Tree : {max : [!1 -> int]+, t : [= !1]}}
