{void : [= !0], void_in : [!0 -> !0]+, void_out : [!0 -> !0]+}
