[forall (!2@A.t : Type). exist (!3 : Type). {A : {t : [= !2]}, R : {f : [!2 -> !3]+, u : [= !3]}}]+
