{U : [forall (!4@u : Type). {u : [= !4]}]+, V : [{}]+}
